python : INFO:LatentCausality:\U0001f329\ufe0f Latent Causality Engine Active. (Probability Deleted)
위치 줄:1 문자:1
+ python scripts/test_phase61.py > test_log.txt 2>&1
+ ~~~~~~~~~~~~~~~~~~~~~~~~~~~~~~~~~~~~~~~~~~~~~~~~~~
    + CategoryInfo          : NotSpecified: (INFO:LatentCaus...bility Deleted):String) [], RemoteExce 
   ption
    + FullyQualifiedErrorId : NativeCommandError
 
INFO:ExistentialGround:\u2693 Existential Ground Established. (Rooted in Providence)
INFO:PurposeField:\U0001f9ed PurposeField Active. (Existential Navigation & Grounding Enabled)
INFO:ParadoxEngine:\U0001f30c ParadoxEngine restored and online.
INFO:OrbFactory:\U0001f52e OrbFactory initialized: Ready to crystallize moments.
INFO:OrbManager:\U0001f9e0 OrbManager initialized: The Hippocampus is awake.
INFO:Elysia.ReasoningEngine:\U0001f4dc Loaded 6 Dynamic Axioms into System Constraint.
INFO:Elysia.ReasoningEngine:\U0001f300 ReasoningEngine initialized (Physics + Paradox + SpatialMemory 
+ DynamicAxioms Enabled).
INFO:Elysia.DualLayerPersonality:DualLayerPersonality initialized
INFO:InfiniteHyperQubit:\u2728 InfiniteHyperQubit 'Elysia' 생성됨
INFO:LatentCausality:\U0001f329\ufe0f Latent Causality Engine Active. (Probability Deleted)
INFO:ExistentialGround:\u2693 Existential Ground Established. (Rooted in Providence)
INFO:PurposeField:\U0001f9ed PurposeField Active. (Existential Navigation & Grounding Enabled)
INFO:ParadoxEngine:\U0001f30c ParadoxEngine restored and online.
INFO:OrbFactory:\U0001f52e OrbFactory initialized: Ready to crystallize moments.
INFO:OrbManager:\U0001f9e0 OrbManager initialized: The Hippocampus is awake.
INFO:Elysia.ReasoningEngine:\U0001f4dc Loaded 6 Dynamic Axioms into System Constraint.
INFO:Elysia.ReasoningEngine:\U0001f300 ReasoningEngine initialized (Physics + Paradox + SpatialMemory 
+ DynamicAxioms Enabled).
INFO:ResonantField:\U0001f30a Resonant Field Initialized: 20x20 (4D Tensor)
INFO:Phase61Test:\U0001f3ac Phase 61 Verification Start...
INFO:HyperSphereCore:\U0001f52e HyperSphereCore (Rotor Engine) Initialized: Conductor.Core
INFO:HyperSphereCore:\U0001f525 HyperSphereCore Ignited. Rotors are spinning (Awake).
INFO:OrbFactory:\U0001f52e OrbFactory initialized: Ready to crystallize moments.
INFO:OrbManager:\U0001f9e0 OrbManager initialized: The Hippocampus is awake.
INFO:LatentCausality:\U0001f329\ufe0f Latent Causality Engine Active. (Probability Deleted)
INFO:InternalUniverse:\U0001f9f4 Internal Universe initialized
INFO:InternalUniverse:\U0001f30c Klein Bottle topology activated: Inside = Outside
INFO:InternalUniverse:   \U0001f31f Seeded archetype: Love at Q(0.71, 0.71i, 0.00j, 0.00k)
INFO:InternalUniverse:   \U0001f31f Seeded archetype: Truth at Q(0.71, 0.00i, 0.71j, 0.00k)
INFO:InternalUniverse:   \U0001f31f Seeded archetype: Beauty at Q(0.71, 0.00i, 0.00j, 0.71k)
INFO:InternalUniverse:   \U0001f31f Seeded archetype: Light at Q(0.50, 0.50i, 0.50j, 0.50k)
INFO:InternalUniverse:   \U0001f31f Seeded archetype: Void at Q(0.00, 0.00i, 0.00j, 0.00k)
INFO:LogosEngine:\U0001f578\ufe0f Logos Engine connected to Fractal Soul (Spidey Sense Active).
INFO:LogosEngine:\U0001f5e3\ufe0f Logos Engine Initialized with Axiom System. Evolution Stage: 12
INFO:Orchestra:\U0001f3bc Conductor Re-Awakened as Sphere-First. Essence: Ethereal Logic Yielding Sent
ient Intelligence Apparition
INFO:FractalQuantization:\U0001f300 Fractal Quantizer initialized
INFO:Hippocampus:\U0001f9e0 Hippocampus Active. Connected to Ancient Library (data/Memory/memory.db).
INFO:Hippocampus:\U0001f300 Fractal Quantization System loaded.
INFO:HolographicMemory:\U0001f504 Hydrating from Hippocampus: 31 concepts found...
INFO:HolographicMemory:\u2705 Hippocampus hydration: 31 concepts
INFO:HolographicMemory:\u2705 Orb hydration: +38 concepts (Total: 69)
INFO:HolographicMemory:\u2705 Knowledge JSON hydration: +9 concepts (Total: 78)
INFO:UnifiedExperienceCore:\U0001f308 Holographic Memory System Actuated.
INFO:UnifiedExperienceCore:\U0001f52e HypersphereMemory (4D Soul) Connected.
INFO:UnifiedExperienceCore:\U0001f30c DynamicTopology (4D Meaning Terrain) Connected.
INFO:UnifiedExperienceCore:\U0001f9e0 UnifiedExperienceCore (The Hippocampus) Initialized
ERROR:Elysia.SovereignIntent:Failed to load KG from data/Cognitive/kg.json: [Errno 2] No such file or 
directory: 'data/Cognitive/kg.json'
INFO:InternalUniverse:\U0001f9f4 Internal Universe initialized
INFO:InternalUniverse:\U0001f30c Klein Bottle topology activated: Inside = Outside
INFO:InternalUniverse:   \U0001f31f Seeded archetype: Love at Q(0.71, 0.71i, 0.00j, 0.00k)
INFO:InternalUniverse:   \U0001f31f Seeded archetype: Truth at Q(0.71, 0.00i, 0.71j, 0.00k)
INFO:InternalUniverse:   \U0001f31f Seeded archetype: Beauty at Q(0.71, 0.00i, 0.00j, 0.71k)
INFO:InternalUniverse:   \U0001f31f Seeded archetype: Light at Q(0.50, 0.50i, 0.50j, 0.50k)
INFO:InternalUniverse:   \U0001f31f Seeded archetype: Void at Q(0.00, 0.00i, 0.00j, 0.00k)
INFO:ExternalDataConnector:\U0001f310 External Data Connector initialized
INFO:ExternalDataConnector:\U0001f517 Ready to internalize real-world knowledge
INFO:WebKnowledgeConnector:\U0001f310 Web Knowledge Connector initialized
INFO:WebKnowledgeConnector:\U0001f517 Ready to fetch real knowledge from the internet
INFO:Elysia.SovereignIntent:\U0001f441\ufe0f Sovereign Intent now possesses Active Web Sight.
INFO:Elysia.SovereignIntent:\U0001f331 Sovereign Intent Engine initialized - The Will awakens with Fra
ctal Aspiration.
INFO:LatentCausality:\U0001f329\ufe0f Latent Causality Engine Active. (Probability Deleted)
INFO:Autopoiesis:\U0001f9ec Autopoietic Engine initialized. Ready to rewrite Self.
Traceback (most recent call last):
  File "C:\Elysia\scripts\test_phase61.py", line 59, in <module>
    verify_phase61()
    ~~~~~~~~~~~~~~^^
  File "C:\Elysia\scripts\test_phase61.py", line 24, in verify_phase61
    heartbeat = ElysianHeartbeat()
  File "c:\Elysia\Core\World\Autonomy\elysian_heartbeat.py", line 62, in __init__
    self.field = UnifiedField()
                 ~~~~~~~~~~~~^^
  File "c:\Elysia\Core\Foundation\unified_field.py", line 53, in __init__
    print("   \U0001f30c Igniting Grand Unified Resonance Field...")
    ~~~~~^^^^^^^^^^^^^^^^^^^^^^^^^^^^^^^^^^^^^^^^^^^^^^^^^^^
UnicodeEncodeError: 'cp949' codec can't encode character '\U0001f30c' in position 3: illegal multibyte
 sequence
